===== 6000 2.0 4
wire_rows=6000 mean_contrib=2.00 slots=4 n=7168 row=14336 B
conv_rows=10376 (actual mean contrib 1.73); CSR bytes in+out = 234.8 MB; dense-zero bytes = 430.1 MB
--- CSR layout (shipped conv panel)
  k0_csr_ref     grid= 6    2.209 ms   106.3 GB/s (235 MB moved)
  k0_csr_ref     grid=12    1.265 ms   185.6 GB/s (235 MB moved)
  k0_csr_ref     grid=24    0.702 ms   334.3 GB/s (235 MB moved)
  k0_csr_ref     grid=48    0.381 ms   615.5 GB/s (235 MB moved)
  k1_csr_ilp<2>  grid= 6    1.473 ms   159.4 GB/s (235 MB moved)
  k1_csr_ilp<2>  grid=12    0.787 ms   298.3 GB/s (235 MB moved)
  k1_csr_ilp<2>  grid=24    0.420 ms   558.9 GB/s (235 MB moved)
  k1_csr_ilp<2>  grid=48    0.236 ms   994.2 GB/s (235 MB moved)
  k1_csr_ilp<4>  grid= 6    2.708 ms    86.7 GB/s (235 MB moved)
  k1_csr_ilp<4>  grid=12    1.376 ms   170.6 GB/s (235 MB moved)
  k1_csr_ilp<4>  grid=24    0.708 ms   331.6 GB/s (235 MB moved)
  k1_csr_ilp<4>  grid=48    0.371 ms   632.6 GB/s (235 MB moved)
  k4_csr_stream  grid= 6    0.988 ms   237.6 GB/s (235 MB moved)
  k4_csr_stream  grid=12    0.512 ms   458.2 GB/s (235 MB moved)
  k4_csr_stream  grid=24    0.272 ms   863.7 GB/s (235 MB moved)
  k4_csr_stream  grid=48    0.192 ms  1220.1 GB/s (235 MB moved)
--- dense padded-slot layout (S=4 slots per wire row)
  k3_dense_mask<4> grid= 6    2.596 ms    90.4 GB/s (235 MB moved)
  k3_dense_mask<4> grid=12    1.318 ms   178.1 GB/s (235 MB moved)
  k3_dense_mask<4> grid=24    0.677 ms   347.0 GB/s (235 MB moved)
  k3_dense_mask<4> grid=48    0.352 ms   667.4 GB/s (235 MB moved)
done
===== 12000 2.0 4
wire_rows=12000 mean_contrib=2.00 slots=4 n=7168 row=14336 B
conv_rows=20758 (actual mean contrib 1.73); CSR bytes in+out = 469.6 MB; dense-zero bytes = 860.2 MB
--- CSR layout (shipped conv panel)
  k0_csr_ref     grid= 6    4.407 ms   106.6 GB/s (470 MB moved)
  k0_csr_ref     grid=12    2.521 ms   186.3 GB/s (470 MB moved)
  k0_csr_ref     grid=24    1.403 ms   334.6 GB/s (470 MB moved)
  k0_csr_ref     grid=48    0.761 ms   617.2 GB/s (470 MB moved)
  k1_csr_ilp<2>  grid= 6    2.941 ms   159.7 GB/s (470 MB moved)
  k1_csr_ilp<2>  grid=12    1.574 ms   298.4 GB/s (470 MB moved)
  k1_csr_ilp<2>  grid=24    0.836 ms   561.9 GB/s (470 MB moved)
  k1_csr_ilp<2>  grid=48    0.467 ms  1005.4 GB/s (470 MB moved)
  k1_csr_ilp<4>  grid= 6    5.433 ms    86.4 GB/s (470 MB moved)
  k1_csr_ilp<4>  grid=12    2.751 ms   170.7 GB/s (470 MB moved)
  k1_csr_ilp<4>  grid=24    1.402 ms   335.0 GB/s (470 MB moved)
  k1_csr_ilp<4>  grid=48    0.734 ms   640.2 GB/s (470 MB moved)
  k4_csr_stream  grid= 6    1.959 ms   239.7 GB/s (470 MB moved)
  k4_csr_stream  grid=12    1.003 ms   468.2 GB/s (470 MB moved)
  k4_csr_stream  grid=24    0.530 ms   886.3 GB/s (470 MB moved)
  k4_csr_stream  grid=48    0.374 ms  1256.6 GB/s (470 MB moved)
--- dense padded-slot layout (S=4 slots per wire row)
  k3_dense_mask<4> grid= 6    5.178 ms    90.7 GB/s (470 MB moved)
  k3_dense_mask<4> grid=12    2.610 ms   179.9 GB/s (470 MB moved)
  k3_dense_mask<4> grid=24    1.331 ms   352.8 GB/s (470 MB moved)
  k3_dense_mask<4> grid=48    0.694 ms   676.6 GB/s (470 MB moved)
done
===== 6000 3.0 8
wire_rows=6000 mean_contrib=3.00 slots=8 n=7168 row=14336 B
conv_rows=15970 (actual mean contrib 2.66); CSR bytes in+out = 315.0 MB; dense-zero bytes = 774.1 MB
--- CSR layout (shipped conv panel)
  k0_csr_ref     grid= 6    3.141 ms   100.3 GB/s (315 MB moved)
  k0_csr_ref     grid=12    1.725 ms   182.6 GB/s (315 MB moved)
  k0_csr_ref     grid=24    0.945 ms   333.5 GB/s (315 MB moved)
  k0_csr_ref     grid=48    0.516 ms   610.9 GB/s (315 MB moved)
  k1_csr_ilp<2>  grid= 6    1.671 ms   188.5 GB/s (315 MB moved)
  k1_csr_ilp<2>  grid=12    0.897 ms   351.1 GB/s (315 MB moved)
  k1_csr_ilp<2>  grid=24    0.481 ms   655.3 GB/s (315 MB moved)
  k1_csr_ilp<2>  grid=48    0.278 ms  1131.8 GB/s (315 MB moved)
  k1_csr_ilp<4>  grid= 6    3.196 ms    98.5 GB/s (315 MB moved)
  k1_csr_ilp<4>  grid=12    1.622 ms   194.1 GB/s (315 MB moved)
  k1_csr_ilp<4>  grid=24    0.833 ms   378.1 GB/s (315 MB moved)
  k1_csr_ilp<4>  grid=48    0.441 ms   714.0 GB/s (315 MB moved)
  k4_csr_stream  grid= 6    1.425 ms   221.0 GB/s (315 MB moved)
  k4_csr_stream  grid=12    0.737 ms   427.1 GB/s (315 MB moved)
  k4_csr_stream  grid=24    0.396 ms   796.0 GB/s (315 MB moved)
  k4_csr_stream  grid=48    0.269 ms  1172.8 GB/s (315 MB moved)
--- dense padded-slot layout (S=8 slots per wire row)
  k3_dense_mask<4> grid= 6    2.770 ms   113.7 GB/s (315 MB moved)
  k3_dense_mask<4> grid=12    1.405 ms   224.1 GB/s (315 MB moved)
  k3_dense_mask<4> grid=24    0.723 ms   435.9 GB/s (315 MB moved)
  k3_dense_mask<4> grid=48    0.390 ms   806.9 GB/s (315 MB moved)
done
